tests.FailTest#testGoToLifeTime
